src/components/materials/MaterialFormDialog.tsx(29,5): error TS2322: Type 'Resolver<{ name: string; sku: string; category: "Raw Material" | "Packaging" | "Finished Good" | "Component" | "Consumable"; stock: unknown; min_stock: unknown; unit: "kg" | "pcs" | "liters" | "meters" | "boxes"; unit_price: unknown; }, any, { ...; }>' is not assignable to type 'Resolver<{ name: string; sku: string; category: "Raw Material" | "Packaging" | "Finished Good" | "Component" | "Consumable"; stock: number; min_stock: number; unit: "kg" | "pcs" | "liters" | "meters" | "boxes"; unit_price: number; }, any, { ...; }>'.
  Types of parameters 'options' and 'options' are incompatible.
    Type 'ResolverOptions<{ name: string; sku: string; category: "Raw Material" | "Packaging" | "Finished Good" | "Component" | "Consumable"; stock: number; min_stock: number; unit: "kg" | "pcs" | "liters" | "meters" | "boxes"; unit_price: number; }>' is not assignable to type 'ResolverOptions<{ name: string; sku: string; category: "Raw Material" | "Packaging" | "Finished Good" | "Component" | "Consumable"; stock: unknown; min_stock: unknown; unit: "kg" | "pcs" | "liters" | "meters" | "boxes"; unit_price: unknown; }>'.
      Type 'unknown' is not assignable to type 'number'.
src/components/materials/MaterialFormDialog.tsx(58,38): error TS2345: Argument of type '(data: MaterialFormData) => Promise<void>' is not assignable to parameter of type 'SubmitHandler<TFieldValues>'.
  Types of parameters 'data' and 'data' are incompatible.
    Type 'TFieldValues' is not assignable to type '{ name: string; sku: string; category: "Raw Material" | "Packaging" | "Finished Good" | "Component" | "Consumable"; stock: number; min_stock: number; unit: "kg" | "pcs" | "liters" | "meters" | "boxes"; unit_price: number; }'.
      Type 'FieldValues' is missing the following properties from type '{ name: string; sku: string; category: "Raw Material" | "Packaging" | "Finished Good" | "Component" | "Consumable"; stock: number; min_stock: number; unit: "kg" | "pcs" | "liters" | "meters" | "boxes"; unit_price: number; }': name, sku, category, stock, and 3 more.
src/components/materials/MaterialsTable.tsx(23,30): error TS6133: 'sortBy' is declared but its value is never read.
src/components/materials/MaterialsTable.tsx(23,38): error TS6133: 'sortOrder' is declared but its value is never read.
src/components/reports/CategoryPieChart.tsx(28,122): error TS2339: Property 'percentage' does not exist on type 'PieLabelRenderProps'.
src/components/transactions/TransactionFormDialog.tsx(28,5): error TS2322: Type 'Resolver<{ type: "out" | "in"; material_id: string; customer_id: string; quantity: unknown; date: string; notes?: string | undefined; }, any, { type: "out" | "in"; material_id: string; customer_id: string; quantity: number; date: string; notes?: string | undefined; }>' is not assignable to type 'Resolver<{ type: "out" | "in"; material_id: string; customer_id: string; quantity: number; date: string; notes?: string | undefined; }, any, { type: "out" | "in"; material_id: string; customer_id: string; quantity: number; date: string; notes?: string | undefined; }>'.
  Types of parameters 'options' and 'options' are incompatible.
    Type 'ResolverOptions<{ type: "out" | "in"; material_id: string; customer_id: string; quantity: number; date: string; notes?: string | undefined; }>' is not assignable to type 'ResolverOptions<{ type: "out" | "in"; material_id: string; customer_id: string; quantity: unknown; date: string; notes?: string | undefined; }>'.
      Type 'unknown' is not assignable to type 'number'.
src/components/transactions/TransactionFormDialog.tsx(44,38): error TS2345: Argument of type '(data: { type: "out" | "in"; material_id: string; customer_id: string; quantity: number; date: string; notes?: string | undefined; }) => Promise<void>' is not assignable to parameter of type 'SubmitHandler<TFieldValues>'.
  Types of parameters 'data' and 'data' are incompatible.
    Type 'TFieldValues' is not assignable to type '{ type: "out" | "in"; material_id: string; customer_id: string; quantity: number; date: string; notes?: string | undefined; }'.
      Type 'FieldValues' is missing the following properties from type '{ type: "out" | "in"; material_id: string; customer_id: string; quantity: number; date: string; notes?: string | undefined; }': type, material_id, customer_id, quantity, date
